mai 13 11:30:30 lfs kernel: Linux version 7.1.0-rc3-thor_kernel-g1d5dcaa3bd65-dirty (root@lfs) (gcc (GCC) 15.2.0, GNU ld (GNU Binutils) 2.46.0.20260210) #2 SMP PREEMPT_DYNAMIC Wed May 13 11:28:45 CEST 2026
mai 13 11:30:30 lfs kernel: Command line: BOOT_IMAGE=/vmlinuz-little-penguin root=/dev/sda4 ro
mai 13 11:30:30 lfs kernel: x86/CPU: Model not found in latest microcode list
mai 13 11:30:30 lfs kernel: BIOS-provided physical RAM map:
mai 13 11:30:30 lfs kernel: BIOS-e820: [mem 0x0000000000000000-0x000000000009fbff]  System RAM
mai 13 11:30:30 lfs kernel: BIOS-e820: [mem 0x000000000009fc00-0x000000000009ffff]  device reserved
mai 13 11:30:30 lfs kernel: BIOS-e820: [gap 0x00000000000a0000-0x00000000000effff]
mai 13 11:30:30 lfs kernel: BIOS-e820: [mem 0x00000000000f0000-0x00000000000fffff]  device reserved
mai 13 11:30:30 lfs kernel: BIOS-e820: [mem 0x0000000000100000-0x00000000dffeffff]  System RAM
mai 13 11:30:30 lfs kernel: BIOS-e820: [mem 0x00000000dfff0000-0x00000000dfffffff]  ACPI data
mai 13 11:30:30 lfs kernel: BIOS-e820: [gap 0x00000000e0000000-0x00000000febfffff]
mai 13 11:30:30 lfs kernel: BIOS-e820: [mem 0x00000000fec00000-0x00000000fec00fff]  device reserved
mai 13 11:30:30 lfs kernel: BIOS-e820: [gap 0x00000000fec01000-0x00000000fedfffff]
mai 13 11:30:30 lfs kernel: BIOS-e820: [mem 0x00000000fee00000-0x00000000fee00fff]  device reserved
mai 13 11:30:30 lfs kernel: BIOS-e820: [gap 0x00000000fee01000-0x00000000fffbffff]
mai 13 11:30:30 lfs kernel: BIOS-e820: [mem 0x00000000fffc0000-0x00000000ffffffff]  device reserved
mai 13 11:30:30 lfs kernel: BIOS-e820: [mem 0x0000000100000000-0x00000002bd7fffff]  System RAM
mai 13 11:30:30 lfs kernel: NX (Execute Disable) protection: active
mai 13 11:30:30 lfs kernel: APIC: Static calls initialized
mai 13 11:30:30 lfs kernel: DMI: SMBIOS 2.5 present.
mai 13 11:30:30 lfs kernel: DMI: innotek GmbH VirtualBox/VirtualBox, BIOS VirtualBox 12/01/2006
mai 13 11:30:30 lfs kernel: DMI: Memory slots populated: 0/0
mai 13 11:30:30 lfs kernel: Hypervisor detected: KVM
mai 13 11:30:30 lfs kernel: last_pfn = 0xe0000 max_arch_pfn = 0x400000000
mai 13 11:30:30 lfs kernel: kvm-clock: Using msrs 4b564d01 and 4b564d00
mai 13 11:30:30 lfs kernel: kvm-clock: using sched offset of 5355610495 cycles
mai 13 11:30:30 lfs kernel: clocksource: kvm-clock: mask: 0xffffffffffffffff max_cycles: 0x1cd42e4dffb, max_idle_ns: 881590591483 ns
mai 13 11:30:30 lfs kernel: tsc: Detected 2380.794 MHz processor
mai 13 11:30:30 lfs kernel: e820: update [mem 0x00000000-0x00000fff] System RAM ==> device reserved
mai 13 11:30:30 lfs kernel: e820: remove [mem 0x000a0000-0x000fffff] System RAM
mai 13 11:30:30 lfs kernel: last_pfn = 0x2bd800 max_arch_pfn = 0x400000000
mai 13 11:30:30 lfs kernel: MTRRs disabled by BIOS
mai 13 11:30:30 lfs kernel: x86/PAT: Configuration [0-7]: WB  WC  UC- UC  WB  WP  UC- WT  
mai 13 11:30:30 lfs kernel: last_pfn = 0xe0000 max_arch_pfn = 0x400000000
mai 13 11:30:30 lfs kernel: found SMP MP-table at [mem 0x0009fff0-0x0009ffff]
mai 13 11:30:30 lfs kernel: ACPI: Early table checksum verification disabled
mai 13 11:30:30 lfs kernel: ACPI: RSDP 0x00000000000E0000 000024 (v02 VBOX  )
mai 13 11:30:30 lfs kernel: ACPI: XSDT 0x00000000DFFF0030 00003C (v01 VBOX   VBOXXSDT 00000001 ASL  00000061)
mai 13 11:30:30 lfs kernel: ACPI: FACP 0x00000000DFFF00F0 0000F4 (v04 VBOX   VBOXFACP 00000001 ASL  00000061)
mai 13 11:30:30 lfs kernel: ACPI: DSDT 0x00000000DFFF0660 002353 (v02 VBOX   VBOXBIOS 00000002 INTL 20200925)
mai 13 11:30:30 lfs kernel: ACPI: FACS 0x00000000DFFF0200 000040
mai 13 11:30:30 lfs kernel: ACPI: FACS 0x00000000DFFF0200 000040
mai 13 11:30:30 lfs kernel: ACPI: APIC 0x00000000DFFF0240 0000AC (v02 VBOX   VBOXAPIC 00000001 ASL  00000061)
mai 13 11:30:30 lfs kernel: ACPI: SSDT 0x00000000DFFF02F0 00036C (v01 VBOX   VBOXCPUT 00000002 INTL 20200925)
mai 13 11:30:30 lfs kernel: ACPI: Reserving FACP table memory at [mem 0xdfff00f0-0xdfff01e3]
mai 13 11:30:30 lfs kernel: ACPI: Reserving DSDT table memory at [mem 0xdfff0660-0xdfff29b2]
mai 13 11:30:30 lfs kernel: ACPI: Reserving FACS table memory at [mem 0xdfff0200-0xdfff023f]
mai 13 11:30:30 lfs kernel: ACPI: Reserving FACS table memory at [mem 0xdfff0200-0xdfff023f]
mai 13 11:30:30 lfs kernel: ACPI: Reserving APIC table memory at [mem 0xdfff0240-0xdfff02eb]
mai 13 11:30:30 lfs kernel: ACPI: Reserving SSDT table memory at [mem 0xdfff02f0-0xdfff065b]
mai 13 11:30:30 lfs kernel: No NUMA configuration found
mai 13 11:30:30 lfs kernel: Faking a node at [mem 0x0000000000000000-0x00000002bd7fffff]
mai 13 11:30:30 lfs kernel: NODE_DATA(0) allocated [mem 0x2bd7f6680-0x2bd7f9fff]
mai 13 11:30:30 lfs kernel: ACPI: PM-Timer IO Port: 0x4008
mai 13 11:30:30 lfs kernel: IOAPIC[0]: apic_id 12, version 32, address 0xfec00000, GSI 0-23
mai 13 11:30:30 lfs kernel: ACPI: INT_SRC_OVR (bus 0 bus_irq 0 global_irq 2 dfl dfl)
mai 13 11:30:30 lfs kernel: ACPI: INT_SRC_OVR (bus 0 bus_irq 9 global_irq 9 low level)
mai 13 11:30:30 lfs kernel: ACPI: Using ACPI (MADT) for SMP configuration information
mai 13 11:30:30 lfs kernel: CPU topo: Max. logical packages:   1
mai 13 11:30:30 lfs kernel: CPU topo: Max. logical nodes:      1
mai 13 11:30:30 lfs kernel: CPU topo: Num. nodes per package:  1
mai 13 11:30:30 lfs kernel: CPU topo: Max. logical dies:       1
mai 13 11:30:30 lfs kernel: CPU topo: Max. dies per package:   1
mai 13 11:30:30 lfs kernel: CPU topo: Max. threads per core:   1
mai 13 11:30:30 lfs kernel: CPU topo: Num. cores per package:    12
mai 13 11:30:30 lfs kernel: CPU topo: Num. threads per package:  12
mai 13 11:30:30 lfs kernel: CPU topo: Allowing 12 present CPUs plus 0 hotplug CPUs
mai 13 11:30:30 lfs kernel: PM: hibernation: Registered nosave memory: [mem 0x00000000-0x00000fff]
mai 13 11:30:30 lfs kernel: PM: hibernation: Registered nosave memory: [mem 0x0009f000-0x000fffff]
mai 13 11:30:30 lfs kernel: PM: hibernation: Registered nosave memory: [mem 0xdfff0000-0xffffffff]
mai 13 11:30:30 lfs kernel: [gap 0xe0000000-0xfebfffff] available for PCI devices
mai 13 11:30:30 lfs kernel: Booting paravirtualized kernel on KVM
mai 13 11:30:30 lfs kernel: clocksource: refined-jiffies: mask: 0xffffffff max_cycles: 0xffffffff, max_idle_ns: 1910969940391419 ns
mai 13 11:30:30 lfs kernel: Zone ranges:
mai 13 11:30:30 lfs kernel:   DMA      [mem 0x0000000000001000-0x0000000000ffffff]
mai 13 11:30:30 lfs kernel:   DMA32    [mem 0x0000000001000000-0x00000000ffffffff]
mai 13 11:30:30 lfs kernel:   Normal   [mem 0x0000000100000000-0x00000002bd7fffff]
mai 13 11:30:30 lfs kernel: Movable zone start for each node
mai 13 11:30:30 lfs kernel: Early memory node ranges
mai 13 11:30:30 lfs kernel:   node   0: [mem 0x0000000000001000-0x000000000009efff]
mai 13 11:30:30 lfs kernel:   node   0: [mem 0x0000000000100000-0x00000000dffeffff]
mai 13 11:30:30 lfs kernel:   node   0: [mem 0x0000000100000000-0x00000002bd7fffff]
mai 13 11:30:30 lfs kernel: Initmem setup node 0 [mem 0x0000000000001000-0x00000002bd7fffff]
mai 13 11:30:30 lfs kernel: On node 0, zone DMA: 1 pages in unavailable ranges
mai 13 11:30:30 lfs kernel: On node 0, zone DMA: 97 pages in unavailable ranges
mai 13 11:30:30 lfs kernel: On node 0, zone Normal: 16 pages in unavailable ranges
mai 13 11:30:30 lfs kernel: On node 0, zone Normal: 10240 pages in unavailable ranges
mai 13 11:30:30 lfs kernel: setup_percpu: NR_CPUS:64 nr_cpumask_bits:12 nr_cpu_ids:12 nr_node_ids:1
mai 13 11:30:30 lfs kernel: percpu: Embedded 53 pages/cpu s176216 r8192 d32680 u262144
mai 13 11:30:30 lfs kernel: pcpu-alloc: s176216 r8192 d32680 u262144 alloc=1*2097152
mai 13 11:30:30 lfs kernel: pcpu-alloc: [0] 00 01 02 03 04 05 06 07 [0] 08 09 10 11 -- -- -- -- 
mai 13 11:30:30 lfs kernel: Kernel command line: BOOT_IMAGE=/vmlinuz-little-penguin root=/dev/sda4 ro
mai 13 11:30:30 lfs kernel: random: crng init done
mai 13 11:30:30 lfs kernel: printk: log buffer data + meta data: 262144 + 917504 = 1179648 bytes
mai 13 11:30:30 lfs kernel: Dentry cache hash table entries: 2097152 (order: 12, 16777216 bytes, linear)
mai 13 11:30:30 lfs kernel: Inode-cache hash table entries: 1048576 (order: 11, 8388608 bytes, linear)
mai 13 11:30:30 lfs kernel: software IO TLB: area num 16.
mai 13 11:30:30 lfs kernel: Fallback order for Node 0: 0 
mai 13 11:30:30 lfs kernel: Built 1 zonelists, mobility grouping on.  Total pages: 2742158
mai 13 11:30:30 lfs kernel: Policy zone: Normal
mai 13 11:30:30 lfs kernel: mem auto-init: stack:all(zero), heap alloc:off, heap free:off
mai 13 11:30:30 lfs kernel: SLUB: HWalign=64, Order=0-3, MinObjects=0, CPUs=12, Nodes=1
mai 13 11:30:30 lfs kernel: Kernel/User page tables isolation: enabled
mai 13 11:30:30 lfs kernel: Dynamic Preempt: full
mai 13 11:30:30 lfs kernel: rcu: Preemptible hierarchical RCU implementation.
mai 13 11:30:30 lfs kernel: rcu:         RCU event tracing is enabled.
mai 13 11:30:30 lfs kernel: rcu:         RCU restricting CPUs from NR_CPUS=64 to nr_cpu_ids=12.
mai 13 11:30:30 lfs kernel:         Trampoline variant of Tasks RCU enabled.
mai 13 11:30:30 lfs kernel:         Tracing variant of Tasks RCU enabled.
mai 13 11:30:30 lfs kernel: rcu: RCU calculated value of scheduler-enlistment delay is 100 jiffies.
mai 13 11:30:30 lfs kernel: rcu: Adjusting geometry for rcu_fanout_leaf=16, nr_cpu_ids=12
mai 13 11:30:30 lfs kernel: RCU Tasks: Setting shift to 4 and lim to 1 rcu_task_cb_adjust=1 rcu_task_cpu_ids=12.
mai 13 11:30:30 lfs kernel: NR_IRQS: 4352, nr_irqs: 520, preallocated irqs: 16
mai 13 11:30:30 lfs kernel: rcu: srcu_init: Setting srcu_struct sizes based on contention.
mai 13 11:30:30 lfs kernel: Console: colour dummy device 80x25
mai 13 11:30:30 lfs kernel: printk: legacy console [tty0] enabled
mai 13 11:30:30 lfs kernel: ACPI: Core revision 20251212
mai 13 11:30:30 lfs kernel: APIC: Switch to symmetric I/O mode setup
mai 13 11:30:30 lfs kernel: x2apic enabled
mai 13 11:30:30 lfs kernel: APIC: Switched APIC routing to: physical x2apic
mai 13 11:30:30 lfs kernel: ..TIMER: vector=0x30 apic1=0 pin1=2 apic2=-1 pin2=-1
mai 13 11:30:30 lfs kernel: clocksource: tsc-early: mask: 0xffffffffffffffff max_cycles: 0x2251588fc37, max_idle_ns: 440795314832 ns
mai 13 11:30:30 lfs kernel: Calibrating delay loop (skipped) preset value.. 4761.58 BogoMIPS (lpj=2380794)
mai 13 11:30:30 lfs kernel: Last level iTLB entries: 4KB 0, 2MB 0, 4MB 0
mai 13 11:30:30 lfs kernel: Last level dTLB entries: 4KB 0, 2MB 0, 4MB 0, 1GB 0
mai 13 11:30:30 lfs kernel: mitigations: Enabled attack vectors: user_kernel, user_user, SMT mitigations: auto
mai 13 11:30:30 lfs kernel: Speculative Store Bypass: Vulnerable
mai 13 11:30:30 lfs kernel: Spectre V2 : Mitigation: Retpolines
mai 13 11:30:30 lfs kernel: ITS: Mitigation: Aligned branch/return thunks
mai 13 11:30:30 lfs kernel: MDS: Mitigation: Clear CPU buffers
mai 13 11:30:30 lfs kernel: Spectre V1 : Mitigation: usercopy/swapgs barriers and __user pointer sanitization
mai 13 11:30:30 lfs kernel: Spectre V2 : Spectre v2 / SpectreRSB: Filling RSB on context switch and VMEXIT
mai 13 11:30:30 lfs kernel: active return thunk: its_return_thunk
mai 13 11:30:30 lfs kernel: x86/fpu: Supporting XSAVE feature 0x001: 'x87 floating point registers'
mai 13 11:30:30 lfs kernel: x86/fpu: Supporting XSAVE feature 0x002: 'SSE registers'
mai 13 11:30:30 lfs kernel: x86/fpu: Supporting XSAVE feature 0x004: 'AVX registers'
mai 13 11:30:30 lfs kernel: x86/fpu: xstate_offset[2]:  576, xstate_sizes[2]:  256
mai 13 11:30:30 lfs kernel: x86/fpu: Enabled xstate features 0x7, context size is 832 bytes, using 'standard' format.
mai 13 11:30:30 lfs kernel: pid_max: default: 32768 minimum: 301
mai 13 11:30:30 lfs kernel: SELinux:  Initializing.
mai 13 11:30:30 lfs kernel: Mount-cache hash table entries: 32768 (order: 6, 262144 bytes, linear)
mai 13 11:30:30 lfs kernel: Mountpoint-cache hash table entries: 32768 (order: 6, 262144 bytes, linear)
mai 13 11:30:30 lfs kernel: VFS: Finished mounting rootfs on nullfs
mai 13 11:30:30 lfs kernel: APIC calibration not consistent with PM-Timer: 108ms instead of 100ms
mai 13 11:30:30 lfs kernel: APIC delta adjusted to PM-Timer: 6365594 (6876277)
mai 13 11:30:30 lfs kernel: smpboot: CPU0: Intel(R) Core(TM) Ultra 7 265 (family: 0x6, model: 0xc6, stepping: 0x2)
mai 13 11:30:30 lfs kernel: Performance Events: unsupported CPU family 6 model 198 no PMU driver, software events only.
mai 13 11:30:30 lfs kernel: signal: max sigframe size: 1776
mai 13 11:30:30 lfs kernel: rcu: Hierarchical SRCU implementation.
mai 13 11:30:30 lfs kernel: rcu:         Max phase no-delay instances is 400.
mai 13 11:30:30 lfs kernel: Timer migration: 2 hierarchy levels; 8 children per group; 2 crossnode level
mai 13 11:30:30 lfs kernel: smp: Bringing up secondary CPUs ...
mai 13 11:30:30 lfs kernel: smpboot: x86: Booting SMP configuration:
mai 13 11:30:30 lfs kernel: .... node  #0, CPUs:        #1  #2  #3  #4  #5  #6  #7  #8  #9 #10 #11
mai 13 11:30:30 lfs kernel: smp: Brought up 1 node, 12 CPUs
mai 13 11:30:30 lfs kernel: smpboot: Total of 12 processors activated (57139.05 BogoMIPS)
mai 13 11:30:30 lfs kernel: Memory: 10653244K/10968632K available (19749K kernel code, 2999K rwdata, 8168K rodata, 2912K init, 624K bss, 307472K reserved, 0K cma-reserved)
mai 13 11:30:30 lfs kernel: devtmpfs: initialized
mai 13 11:30:30 lfs kernel: clocksource: jiffies: mask: 0xffffffff max_cycles: 0xffffffff, max_idle_ns: 1911260446275000 ns
mai 13 11:30:30 lfs kernel: posixtimers hash table entries: 8192 (order: 5, 131072 bytes, linear)
mai 13 11:30:30 lfs kernel: futex hash table entries: 4096 (262144 bytes on 1 NUMA nodes, total 256 KiB, linear).
mai 13 11:30:30 lfs kernel: PM: RTC time: 09:30:19, date: 2026-05-13
mai 13 11:30:30 lfs kernel: NET: Registered PF_NETLINK/PF_ROUTE protocol family
mai 13 11:30:30 lfs kernel: audit: initializing netlink subsys (disabled)
mai 13 11:30:30 lfs kernel: audit: type=2000 audit(1778664626.602:1): state=initialized audit_enabled=0 res=1
mai 13 11:30:30 lfs kernel: thermal_sys: Registered thermal governor 'step_wise'
mai 13 11:30:30 lfs kernel: cpuidle: using governor menu
mai 13 11:30:30 lfs kernel: Freeing SMP alternatives memory: 56K
mai 13 11:30:30 lfs kernel: PCI: Using configuration type 1 for base access
mai 13 11:30:30 lfs kernel: kprobes: kprobe jump-optimization is enabled. All kprobes are optimized if possible.
mai 13 11:30:30 lfs kernel: HugeTLB: registered 2.00 MiB page size, pre-allocated 0 pages
mai 13 11:30:30 lfs kernel: HugeTLB: 28 KiB vmemmap can be freed for a 2.00 MiB page
mai 13 11:30:30 lfs kernel: ACPI: Added _OSI(Module Device)
mai 13 11:30:30 lfs kernel: ACPI: Added _OSI(Processor Device)
mai 13 11:30:30 lfs kernel: ACPI: Added _OSI(Processor Aggregator Device)
mai 13 11:30:30 lfs kernel: ACPI: 2 ACPI AML tables successfully acquired and loaded
mai 13 11:30:30 lfs kernel: ACPI: \_SB_: platform _OSC: OS support mask [002a7eee]
mai 13 11:30:30 lfs kernel: ACPI: Interpreter enabled
mai 13 11:30:30 lfs kernel: ACPI: PM: (supports S0 S5)
mai 13 11:30:30 lfs kernel: ACPI: Using IOAPIC for interrupt routing
mai 13 11:30:30 lfs kernel: PCI: Using host bridge windows from ACPI; if necessary, use "pci=nocrs" and report a bug
mai 13 11:30:30 lfs kernel: PCI: Using E820 reservations for host bridge windows
mai 13 11:30:30 lfs kernel: ACPI: Enabled 2 GPEs in block 00 to 07
mai 13 11:30:30 lfs kernel: ACPI: PCI Root Bridge [PCI0] (domain 0000 [bus 00-ff])
mai 13 11:30:30 lfs kernel: acpi PNP0A03:00: _OSC: OS supports [ASPM ClockPM Segments MSI HPX-Type3]
mai 13 11:30:30 lfs kernel: acpi PNP0A03:00: _OSC: not requesting OS control; OS requires [ExtendedConfig ASPM ClockPM MSI]
mai 13 11:30:30 lfs kernel: acpi PNP0A03:00: fail to add MMCONFIG information, can't access extended configuration space under this bridge
mai 13 11:30:30 lfs kernel: PCI host bridge to bus 0000:00
mai 13 11:30:30 lfs kernel: pci_bus 0000:00: root bus resource [io  0x0000-0x0cf7 window]
mai 13 11:30:30 lfs kernel: pci_bus 0000:00: root bus resource [io  0x0d00-0xffff window]
mai 13 11:30:30 lfs kernel: pci_bus 0000:00: root bus resource [mem 0x000a0000-0x000bffff window]
mai 13 11:30:30 lfs kernel: pci_bus 0000:00: root bus resource [mem 0xe0000000-0xfdffffff window]
mai 13 11:30:30 lfs kernel: pci_bus 0000:00: root bus resource [bus 00-ff]
mai 13 11:30:30 lfs kernel: pci 0000:00:00.0: [8086:1237] type 00 class 0x060000 conventional PCI endpoint
mai 13 11:30:30 lfs kernel: pci 0000:00:01.0: [8086:7000] type 00 class 0x060100 conventional PCI endpoint
mai 13 11:30:30 lfs kernel: pci 0000:00:01.1: [8086:7111] type 00 class 0x01018a conventional PCI endpoint
mai 13 11:30:30 lfs kernel: pci 0000:00:01.1: BAR 4 [io  0xd000-0xd00f]
mai 13 11:30:30 lfs kernel: pci 0000:00:01.1: BAR 0 [io  0x01f0-0x01f7]: legacy IDE quirk
mai 13 11:30:30 lfs kernel: pci 0000:00:01.1: BAR 1 [io  0x03f6]: legacy IDE quirk
mai 13 11:30:30 lfs kernel: pci 0000:00:01.1: BAR 2 [io  0x0170-0x0177]: legacy IDE quirk
mai 13 11:30:30 lfs kernel: pci 0000:00:01.1: BAR 3 [io  0x0376]: legacy IDE quirk
mai 13 11:30:30 lfs kernel: pci 0000:00:02.0: [15ad:0405] type 00 class 0x030000 conventional PCI endpoint
mai 13 11:30:30 lfs kernel: pci 0000:00:02.0: BAR 0 [io  0xd010-0xd01f]
mai 13 11:30:30 lfs kernel: pci 0000:00:02.0: BAR 1 [mem 0xe0000000-0xe0ffffff pref]
mai 13 11:30:30 lfs kernel: pci 0000:00:02.0: BAR 2 [mem 0xf0000000-0xf01fffff]
mai 13 11:30:30 lfs kernel: pci 0000:00:02.0: Video device with shadowed ROM at [mem 0x000c0000-0x000dffff]
mai 13 11:30:30 lfs kernel: pci 0000:00:03.0: [8086:100e] type 00 class 0x020000 conventional PCI endpoint
mai 13 11:30:30 lfs kernel: pci 0000:00:03.0: BAR 0 [mem 0xf0200000-0xf021ffff]
mai 13 11:30:30 lfs kernel: pci 0000:00:03.0: BAR 2 [io  0xd020-0xd027]
mai 13 11:30:30 lfs kernel: pci 0000:00:04.0: [80ee:cafe] type 00 class 0x088000 conventional PCI endpoint
mai 13 11:30:30 lfs kernel: pci 0000:00:04.0: BAR 0 [io  0xd040-0xd05f]
mai 13 11:30:30 lfs kernel: pci 0000:00:04.0: BAR 1 [mem 0xf0400000-0xf07fffff]
mai 13 11:30:30 lfs kernel: pci 0000:00:04.0: BAR 2 [mem 0xf0800000-0xf0803fff pref]
mai 13 11:30:30 lfs kernel: pci 0000:00:05.0: [8086:2415] type 00 class 0x040100 conventional PCI endpoint
mai 13 11:30:30 lfs kernel: pci 0000:00:05.0: BAR 0 [io  0xd100-0xd1ff]
mai 13 11:30:30 lfs kernel: pci 0000:00:05.0: BAR 1 [io  0xd200-0xd23f]
mai 13 11:30:30 lfs kernel: pci 0000:00:06.0: [106b:003f] type 00 class 0x0c0310 conventional PCI endpoint
mai 13 11:30:30 lfs kernel: pci 0000:00:06.0: BAR 0 [mem 0xf0804000-0xf0804fff]
mai 13 11:30:30 lfs kernel: pci 0000:00:07.0: [8086:7113] type 00 class 0x068000 conventional PCI endpoint
mai 13 11:30:30 lfs kernel: pci 0000:00:07.0: quirk: [io  0x4000-0x403f] claimed by PIIX4 ACPI
mai 13 11:30:30 lfs kernel: pci 0000:00:07.0: quirk: [io  0x4100-0x410f] claimed by PIIX4 SMB
mai 13 11:30:30 lfs kernel: pci 0000:00:0b.0: [8086:265c] type 00 class 0x0c0320 conventional PCI endpoint
mai 13 11:30:30 lfs kernel: pci 0000:00:0b.0: BAR 0 [mem 0xf0805000-0xf0805fff]
mai 13 11:30:30 lfs kernel: pci 0000:00:0d.0: [8086:2829] type 00 class 0x010601 conventional PCI endpoint
mai 13 11:30:30 lfs kernel: pci 0000:00:0d.0: BAR 0 [io  0xd240-0xd247]
mai 13 11:30:30 lfs kernel: pci 0000:00:0d.0: BAR 1 [io  0xd248-0xd24b]
mai 13 11:30:30 lfs kernel: pci 0000:00:0d.0: BAR 2 [io  0xd250-0xd257]
mai 13 11:30:30 lfs kernel: pci 0000:00:0d.0: BAR 3 [io  0xd258-0xd25b]
mai 13 11:30:30 lfs kernel: pci 0000:00:0d.0: BAR 4 [io  0xd260-0xd26f]
mai 13 11:30:30 lfs kernel: pci 0000:00:0d.0: BAR 5 [mem 0xf0806000-0xf0807fff]
mai 13 11:30:30 lfs kernel: ACPI: PCI: Interrupt link LNKA configured for IRQ 11
mai 13 11:30:30 lfs kernel: ACPI: PCI: Interrupt link LNKB configured for IRQ 10
mai 13 11:30:30 lfs kernel: ACPI: PCI: Interrupt link LNKC configured for IRQ 9
mai 13 11:30:30 lfs kernel: ACPI: PCI: Interrupt link LNKD configured for IRQ 11
mai 13 11:30:30 lfs kernel: iommu: Default domain type: Translated
mai 13 11:30:30 lfs kernel: iommu: DMA domain TLB invalidation policy: lazy mode
mai 13 11:30:30 lfs kernel: SCSI subsystem initialized
mai 13 11:30:30 lfs kernel: libata version 3.00 loaded.
mai 13 11:30:30 lfs kernel: ACPI: bus type USB registered
mai 13 11:30:30 lfs kernel: usbcore: registered new interface driver usbfs
mai 13 11:30:30 lfs kernel: usbcore: registered new interface driver hub
mai 13 11:30:30 lfs kernel: usbcore: registered new device driver usb
mai 13 11:30:30 lfs kernel: pps_core: LinuxPPS API ver. 1 registered
mai 13 11:30:30 lfs kernel: pps_core: Software ver. 5.3.6 - Copyright 2005-2007 Rodolfo Giometti <giometti@linux.it>
mai 13 11:30:30 lfs kernel: PTP clock support registered
mai 13 11:30:30 lfs kernel: Advanced Linux Sound Architecture Driver Initialized.
mai 13 11:30:30 lfs kernel: NetLabel: Initializing
mai 13 11:30:30 lfs kernel: NetLabel:  domain hash size = 128
mai 13 11:30:30 lfs kernel: NetLabel:  protocols = UNLABELED CIPSOv4 CALIPSO
mai 13 11:30:30 lfs kernel: NetLabel:  unlabeled traffic allowed by default
mai 13 11:30:30 lfs kernel: PCI: Using ACPI for IRQ routing
mai 13 11:30:30 lfs kernel: PCI: pci_cache_line_size set to 64 bytes
mai 13 11:30:30 lfs kernel: e820: register RAM buffer resource [mem 0x0009fc00-0x0009ffff]
mai 13 11:30:30 lfs kernel: e820: register RAM buffer resource [mem 0xdfff0000-0xdfffffff]
mai 13 11:30:30 lfs kernel: e820: register RAM buffer resource [mem 0x2bd800000-0x2bfffffff]
mai 13 11:30:30 lfs kernel: pci 0000:00:02.0: vgaarb: setting as boot VGA device
mai 13 11:30:30 lfs kernel: pci 0000:00:02.0: vgaarb: bridge control possible
mai 13 11:30:30 lfs kernel: pci 0000:00:02.0: vgaarb: VGA device added: decodes=io+mem,owns=io+mem,locks=none
mai 13 11:30:30 lfs kernel: vgaarb: loaded
mai 13 11:30:30 lfs kernel: clocksource: Switched to clocksource kvm-clock
mai 13 11:30:30 lfs kernel: VFS: Disk quotas dquot_6.6.0
mai 13 11:30:30 lfs kernel: VFS: Dquot-cache hash table entries: 512 (order 0, 4096 bytes)
mai 13 11:30:30 lfs kernel: pnp: PnP ACPI init
mai 13 11:30:30 lfs kernel: pnp: PnP ACPI: found 2 devices
mai 13 11:30:30 lfs kernel: clocksource: acpi_pm: mask: 0xffffff max_cycles: 0xffffff, max_idle_ns: 2085701024 ns
mai 13 11:30:30 lfs kernel: NET: Registered PF_INET protocol family
mai 13 11:30:30 lfs kernel: IP idents hash table entries: 262144 (order: 9, 2097152 bytes, linear)
mai 13 11:30:30 lfs kernel: tcp_listen_portaddr_hash hash table entries: 8192 (order: 5, 131072 bytes, linear)
mai 13 11:30:30 lfs kernel: Table-perturb hash table entries: 65536 (order: 6, 262144 bytes, linear)
mai 13 11:30:30 lfs kernel: TCP established hash table entries: 131072 (order: 8, 1048576 bytes, linear)
mai 13 11:30:30 lfs kernel: TCP bind hash table entries: 65536 (order: 9, 2097152 bytes, linear)
mai 13 11:30:30 lfs kernel: TCP: Hash tables configured (established 131072 bind 65536)
mai 13 11:30:30 lfs kernel: UDP hash table entries: 8192 (order: 7, 524288 bytes, linear)
mai 13 11:30:30 lfs kernel: NET: Registered PF_UNIX/PF_LOCAL protocol family
mai 13 11:30:30 lfs kernel: RPC: Registered named UNIX socket transport module.
mai 13 11:30:30 lfs kernel: RPC: Registered udp transport module.
mai 13 11:30:30 lfs kernel: RPC: Registered tcp transport module.
mai 13 11:30:30 lfs kernel: RPC: Registered tcp-with-tls transport module.
mai 13 11:30:30 lfs kernel: RPC: Registered tcp NFSv4.1 backchannel transport module.
mai 13 11:30:30 lfs kernel: pci_bus 0000:00: resource 4 [io  0x0000-0x0cf7 window]
mai 13 11:30:30 lfs kernel: pci_bus 0000:00: resource 5 [io  0x0d00-0xffff window]
mai 13 11:30:30 lfs kernel: pci_bus 0000:00: resource 6 [mem 0x000a0000-0x000bffff window]
mai 13 11:30:30 lfs kernel: pci_bus 0000:00: resource 7 [mem 0xe0000000-0xfdffffff window]
mai 13 11:30:30 lfs kernel: pci 0000:00:00.0: Limiting direct PCI/PCI transfers
mai 13 11:30:30 lfs kernel: PCI: CLS 0 bytes, default 64
mai 13 11:30:30 lfs kernel: PCI-DMA: Using software bounce buffering for IO (SWIOTLB)
mai 13 11:30:30 lfs kernel: software IO TLB: mapped [mem 0x00000000dbff0000-0x00000000dfff0000] (64MB)
mai 13 11:30:30 lfs kernel: RAPL PMU: API unit is 2^-32 Joules, 0 fixed counters, 335544320 ms ovfl timer
mai 13 11:30:30 lfs kernel: clocksource: tsc: mask: 0xffffffffffffffff max_cycles: 0x2251588fc37, max_idle_ns: 440795314832 ns
mai 13 11:30:30 lfs kernel: platform rtc_cmos: registered fallback platform RTC device
mai 13 11:30:30 lfs kernel: Initialise system trusted keyrings
mai 13 11:30:30 lfs kernel: workingset: timestamp_bits=40 (anon: 36) max_order=22 bucket_order=0 (anon: 0)
mai 13 11:30:30 lfs kernel: NFS: Registering the id_resolver key type
mai 13 11:30:30 lfs kernel: Key type id_resolver registered
mai 13 11:30:30 lfs kernel: Key type id_legacy registered
mai 13 11:30:30 lfs kernel: nfs4filelayout_init: NFSv4 File Layout Driver Registering...
mai 13 11:30:30 lfs kernel: nfs4flexfilelayout_init: NFSv4 Flexfile Layout Driver Registering...
mai 13 11:30:30 lfs kernel: 9p: Installing v9fs 9p2000 file system support
mai 13 11:30:30 lfs kernel: Key type asymmetric registered
mai 13 11:30:30 lfs kernel: Asymmetric key parser 'x509' registered
mai 13 11:30:30 lfs kernel: Block layer SCSI generic (bsg) driver version 0.4 loaded (major 251)
mai 13 11:30:30 lfs kernel: io scheduler mq-deadline registered
mai 13 11:30:30 lfs kernel: io scheduler kyber registered
mai 13 11:30:30 lfs kernel: ACPI: AC: AC Adapter [AC] (on-line)
mai 13 11:30:30 lfs kernel: input: Power Button as /devices/platform/LNXPWRBN:00/input/input0
mai 13 11:30:30 lfs kernel: ACPI: button: Power Button [PWRF]
mai 13 11:30:30 lfs kernel: input: Sleep Button as /devices/platform/LNXSLPBN:00/input/input1
mai 13 11:30:30 lfs kernel: ACPI: button: Sleep Button [SLPF]
mai 13 11:30:30 lfs kernel: ACPI: video: Video Device [GFX0] (multi-head: yes  rom: no  post: no)
mai 13 11:30:30 lfs kernel: input: Video Bus as /devices/pci0000:00/acpi.video_bus.0/input/input2
mai 13 11:30:30 lfs kernel: Serial: 8250/16550 driver, 4 ports, IRQ sharing enabled
mai 13 11:30:30 lfs kernel: Non-volatile memory driver v1.3
mai 13 11:30:30 lfs kernel: ACPI: bus type drm_connector registered
mai 13 11:30:30 lfs kernel: loop: module loaded
mai 13 11:30:30 lfs kernel: ahci 0000:00:0d.0: SSS flag set, parallel bus scan disabled
mai 13 11:30:30 lfs kernel: ahci 0000:00:0d.0: AHCI vers 0001.0100, 32 command slots, 3 Gbps, SATA mode
mai 13 11:30:30 lfs kernel: ahci 0000:00:0d.0: 1/1 ports implemented (port mask 0x1)
mai 13 11:30:30 lfs kernel: ahci 0000:00:0d.0: flags: 64bit ncq stag only ccc 
mai 13 11:30:30 lfs kernel: scsi host0: ahci
mai 13 11:30:30 lfs kernel: ata1: SATA max UDMA/133 abar m8192@0xf0806000 port 0xf0806100 irq 21 lpm-pol 1
mai 13 11:30:30 lfs kernel: scsi host1: ata_piix
mai 13 11:30:30 lfs kernel: scsi host2: ata_piix
mai 13 11:30:30 lfs kernel: ata2: PATA max UDMA/33 cmd 0x1f0 ctl 0x3f6 bmdma 0xd000 irq 14 lpm-pol 0
mai 13 11:30:30 lfs kernel: ata3: PATA max UDMA/33 cmd 0x170 ctl 0x376 bmdma 0xd008 irq 15 lpm-pol 0
mai 13 11:30:30 lfs kernel: e100: Intel(R) PRO/100 Network Driver
mai 13 11:30:30 lfs kernel: e100: Copyright(c) 1999-2006 Intel Corporation
mai 13 11:30:30 lfs kernel: e1000: Intel(R) PRO/1000 Network Driver
mai 13 11:30:30 lfs kernel: e1000: Copyright (c) 1999-2006 Intel Corporation.
mai 13 11:30:30 lfs kernel: ata3.00: ATAPI: VBOX CD-ROM, 1.0, max UDMA/133
mai 13 11:30:30 lfs kernel: ata1: SATA link up 3.0 Gbps (SStatus 123 SControl 300)
mai 13 11:30:30 lfs kernel: ata1.00: ATA-6: VBOX HARDDISK, 1.0, max UDMA/133
mai 13 11:30:30 lfs kernel: ata1.00: 31457280 sectors, multi 128: LBA48 NCQ (depth 32)
mai 13 11:30:30 lfs kernel: ata1.00: configured for UDMA/133
mai 13 11:30:30 lfs kernel: scsi 0:0:0:0: Direct-Access     ATA      VBOX HARDDISK    1.0  PQ: 0 ANSI: 5
mai 13 11:30:30 lfs kernel: sd 0:0:0:0: Attached scsi generic sg0 type 0
mai 13 11:30:30 lfs kernel: sd 0:0:0:0: [sda] 31457280 512-byte logical blocks: (16.1 GB/15.0 GiB)
mai 13 11:30:30 lfs kernel: sd 0:0:0:0: [sda] Write Protect is off
mai 13 11:30:30 lfs kernel: sd 0:0:0:0: [sda] Mode Sense: 00 3a 00 00
mai 13 11:30:30 lfs kernel: sd 0:0:0:0: [sda] Write cache: enabled, read cache: enabled, doesn't support DPO or FUA
mai 13 11:30:30 lfs kernel: sd 0:0:0:0: [sda] Preferred minimum I/O size 512 bytes
mai 13 11:30:30 lfs kernel: scsi 2:0:0:0: CD-ROM            VBOX     CD-ROM           1.0  PQ: 0 ANSI: 5
mai 13 11:30:30 lfs kernel: clocksource: Switched to clocksource tsc
mai 13 11:30:30 lfs kernel: kwatchdog (122) used greatest stack depth: 14552 bytes left
mai 13 11:30:30 lfs kernel: e1000 0000:00:03.0 eth0: (PCI:33MHz:32-bit) 08:00:27:dd:c0:77
mai 13 11:30:30 lfs kernel: e1000 0000:00:03.0 eth0: Intel(R) PRO/1000 Network Connection
mai 13 11:30:30 lfs kernel: e1000e: Intel(R) PRO/1000 Network Driver
mai 13 11:30:30 lfs kernel: e1000e: Copyright(c) 1999 - 2015 Intel Corporation.
mai 13 11:30:30 lfs kernel: sky2: driver version 1.30
mai 13 11:30:30 lfs kernel: ehci-pci 0000:00:0b.0: EHCI Host Controller
mai 13 11:30:30 lfs kernel: ehci-pci 0000:00:0b.0: new USB bus registered, assigned bus number 1
mai 13 11:30:30 lfs kernel: ehci-pci 0000:00:0b.0: irq 19, io mem 0xf0805000
mai 13 11:30:30 lfs kernel: ehci-pci 0000:00:0b.0: USB 2.0 started, EHCI 1.00
mai 13 11:30:30 lfs kernel: usb usb1: New USB device found, idVendor=1d6b, idProduct=0002, bcdDevice= 7.01
mai 13 11:30:30 lfs kernel: usb usb1: New USB device strings: Mfr=3, Product=2, SerialNumber=1
mai 13 11:30:30 lfs kernel: usb usb1: Product: EHCI Host Controller
mai 13 11:30:30 lfs kernel: usb usb1: Manufacturer: Linux 7.1.0-rc3-thor_kernel-g1d5dcaa3bd65-dirty ehci_hcd
mai 13 11:30:30 lfs kernel: usb usb1: SerialNumber: 0000:00:0b.0
mai 13 11:30:30 lfs kernel: hub 1-0:1.0: USB hub found
mai 13 11:30:30 lfs kernel: hub 1-0:1.0: 12 ports detected
mai 13 11:30:30 lfs kernel: ohci-pci 0000:00:06.0: OHCI PCI host controller
mai 13 11:30:30 lfs kernel: ohci-pci 0000:00:06.0: new USB bus registered, assigned bus number 2
mai 13 11:30:30 lfs kernel: ohci-pci 0000:00:06.0: irq 22, io mem 0xf0804000
mai 13 11:30:30 lfs kernel:  sda: sda1 sda2 sda3 sda4
mai 13 11:30:30 lfs kernel: sd 0:0:0:0: [sda] Attached SCSI disk
mai 13 11:30:30 lfs kernel: sr 2:0:0:0: [sr0] scsi3-mmc drive: 32x/32x xa/form2 tray
mai 13 11:30:30 lfs kernel: usb usb2: New USB device found, idVendor=1d6b, idProduct=0001, bcdDevice= 7.01
mai 13 11:30:30 lfs kernel: usb usb2: New USB device strings: Mfr=3, Product=2, SerialNumber=1
mai 13 11:30:30 lfs kernel: usb usb2: Product: OHCI PCI host controller
mai 13 11:30:30 lfs kernel: usb usb2: Manufacturer: Linux 7.1.0-rc3-thor_kernel-g1d5dcaa3bd65-dirty ohci_hcd
mai 13 11:30:30 lfs kernel: usb usb2: SerialNumber: 0000:00:06.0
mai 13 11:30:30 lfs kernel: hub 2-0:1.0: USB hub found
mai 13 11:30:30 lfs kernel: hub 2-0:1.0: 12 ports detected
mai 13 11:30:30 lfs kernel: usbcore: registered new interface driver usblp
mai 13 11:30:30 lfs kernel: usbcore: registered new interface driver usb-storage
mai 13 11:30:30 lfs kernel: i8042: PNP: PS/2 Controller [PNP0303:PS2K,PNP0f03:PS2M] at 0x60,0x64 irq 1,12
mai 13 11:30:30 lfs kernel: serio: i8042 KBD port at 0x60,0x64 irq 1
mai 13 11:30:30 lfs kernel: serio: i8042 AUX port at 0x60,0x64 irq 12
mai 13 11:30:30 lfs kernel: rtc_cmos rtc_cmos: registered as rtc0
mai 13 11:30:30 lfs kernel: rtc_cmos rtc_cmos: alarms up to one day, 114 bytes nvram
mai 13 11:30:30 lfs kernel: device-mapper: ioctl: 4.50.0-ioctl (2025-04-28) initialised: dm-devel@lists.linux.dev
mai 13 11:30:30 lfs kernel: intel_pstate: CPU model not supported
mai 13 11:30:30 lfs kernel: simple-framebuffer simple-framebuffer.0: [drm] Registered 1 planes with drm panic
mai 13 11:30:30 lfs kernel: [drm] Initialized simpledrm 1.0.0 for simple-framebuffer.0 on minor 0
mai 13 11:30:30 lfs kernel: cdrom: Uniform CD-ROM driver Revision: 3.20
mai 13 11:30:30 lfs kernel: input: AT Translated Set 2 keyboard as /devices/platform/i8042/serio0/input/input3
mai 13 11:30:30 lfs kernel: Console: switching to colour frame buffer device 128x48
mai 13 11:30:30 lfs kernel: simple-framebuffer simple-framebuffer.0: [drm] fb0: simpledrmdrmfb frame buffer device
mai 13 11:30:30 lfs kernel: hid: raw HID events driver (C) Jiri Kosina
mai 13 11:30:30 lfs kernel: usbcore: registered new interface driver usbhid
mai 13 11:30:30 lfs kernel: usbhid: USB HID core driver
mai 13 11:30:30 lfs kernel: Initializing XFRM netlink socket
mai 13 11:30:30 lfs kernel: NET: Registered PF_INET6 protocol family
mai 13 11:30:30 lfs kernel: Segment Routing with IPv6
mai 13 11:30:30 lfs kernel: In-situ OAM (IOAM) with IPv6
mai 13 11:30:30 lfs kernel: sit: IPv6, IPv4 and MPLS over IPv4 tunneling driver
mai 13 11:30:30 lfs kernel: NET: Registered PF_PACKET protocol family
mai 13 11:30:30 lfs kernel: 9pnet: Installing 9P2000 support
mai 13 11:30:30 lfs kernel: Key type dns_resolver registered
mai 13 11:30:30 lfs kernel: clocksource: Watchdog remote CPU 2 read timed out
mai 13 11:30:30 lfs kernel: IPI shorthand broadcast: enabled
mai 13 11:30:30 lfs kernel: sched_clock: Marking stable (1562351141, 1058920)->(1608106327, -44696266)
mai 13 11:30:30 lfs kernel: registered taskstats version 1
mai 13 11:30:30 lfs kernel: Loading compiled-in X.509 certificates
mai 13 11:30:30 lfs kernel: Demotion targets for Node 0: null
mai 13 11:30:30 lfs kernel: PM:   Magic number: 10:401:525
mai 13 11:30:30 lfs kernel: netconsole: network logging started
mai 13 11:30:30 lfs kernel: cfg80211: Loading compiled-in X.509 certificates for regulatory database
mai 13 11:30:30 lfs kernel: kworker/u53:3 (132) used greatest stack depth: 14480 bytes left
mai 13 11:30:30 lfs kernel: kworker/u53:3 (133) used greatest stack depth: 14112 bytes left
mai 13 11:30:30 lfs kernel: Loaded X.509 cert 'sforshee: 00b28ddf47aef9cea7'
mai 13 11:30:30 lfs kernel: Loaded X.509 cert 'wens: 61c038651aabdcf94bd0ac7ff06c7248db18c600'
mai 13 11:30:30 lfs kernel: ALSA device list:
mai 13 11:30:30 lfs kernel:   No soundcards found.
mai 13 11:30:30 lfs kernel: faux_driver regulatory: Direct firmware load for regulatory.db failed with error -2
mai 13 11:30:30 lfs kernel: cfg80211: failed to load regulatory.db
mai 13 11:30:30 lfs kernel: sr 2:0:0:0: Attached scsi CD-ROM sr0
mai 13 11:30:30 lfs kernel: sr 2:0:0:0: Attached scsi generic sg1 type 5
mai 13 11:30:30 lfs kernel: input: ImExPS/2 Generic Explorer Mouse as /devices/platform/i8042/serio1/input/input5
mai 13 11:30:30 lfs kernel: md: Waiting for all devices to be available before autodetect
mai 13 11:30:30 lfs kernel: md: If you don't use raid, use raid=noautodetect
mai 13 11:30:30 lfs kernel: md: Autodetecting RAID arrays.
mai 13 11:30:30 lfs kernel: md: autorun ...
mai 13 11:30:30 lfs kernel: md: ... autorun DONE.
mai 13 11:30:30 lfs kernel: EXT4-fs (sda4): orphan cleanup on readonly fs
mai 13 11:30:30 lfs kernel: EXT4-fs (sda4): mounted filesystem 628b330a-cc8e-4176-aa81-c02217dbb974 ro with ordered data mode. Quota mode: none.
mai 13 11:30:30 lfs kernel: VFS: Mounted root (ext4 filesystem) readonly on device 8:4.
mai 13 11:30:30 lfs kernel: usb 2-1: new full-speed USB device number 2 using ohci-pci
mai 13 11:30:30 lfs kernel: devtmpfs: mounted
mai 13 11:30:30 lfs kernel: VFS: Pivoted into new rootfs
mai 13 11:30:30 lfs kernel: Freeing unused kernel image (initmem) memory: 2912K
mai 13 11:30:30 lfs kernel: Write protecting the kernel read-only data: 28672k
mai 13 11:30:30 lfs kernel: Freeing unused kernel image (text/rodata gap) memory: 728K
mai 13 11:30:30 lfs kernel: Freeing unused kernel image (rodata/data gap) memory: 24K
mai 13 11:30:30 lfs kernel: x86/mm: Checked W+X mappings: passed, no W+X pages found.
mai 13 11:30:30 lfs kernel: x86/mm: Checking user space page tables
mai 13 11:30:30 lfs kernel: x86/mm: Checked W+X mappings: passed, no W+X pages found.
mai 13 11:30:30 lfs kernel: Run /sbin/init as init process
mai 13 11:30:30 lfs kernel:   with arguments:
mai 13 11:30:30 lfs kernel:     /sbin/init
mai 13 11:30:30 lfs kernel:   with environment:
mai 13 11:30:30 lfs kernel:     HOME=/
mai 13 11:30:30 lfs kernel:     TERM=linux
mai 13 11:30:30 lfs kernel: usb 2-1: New USB device found, idVendor=80ee, idProduct=0021, bcdDevice= 1.00
mai 13 11:30:30 lfs kernel: usb 2-1: New USB device strings: Mfr=1, Product=3, SerialNumber=0
mai 13 11:30:30 lfs kernel: usb 2-1: Product: USB Tablet
mai 13 11:30:30 lfs kernel: usb 2-1: Manufacturer: VirtualBox
mai 13 11:30:30 lfs kernel: input: VirtualBox USB Tablet as /devices/pci0000:00/0000:00:06.0/usb2/2-1/2-1:1.0/0003:80EE:0021.0001/input/input6
mai 13 11:30:30 lfs kernel: hid-generic 0003:80EE:0021.0001: input,hidraw0: USB HID v1.10 Mouse [VirtualBox USB Tablet] on usb-0000:00:06.0-1/input0
mai 13 11:30:30 lfs systemd[1]: systemd 259.1 running in system mode (-PAM -AUDIT -SELINUX -APPARMOR +IMA +IPE +SMACK -SECCOMP -GCRYPT -GNUTLS +OPENSSL +ACL +BLKID -CURL -ELFUTILS -FIDO2 -IDN2 -IDN +KMOD -LIBCRYPTSETUP -LIBCRYPTSETUP_PLUGINS +LIBFDISK +PCRE2 -PWQUALITY -P11KIT -QRENCODE -TPM2 +BZIP2 +LZ4 +XZ +ZLIB +ZSTD -BPF_FRAMEWORK -BTF -XKBCOMMON +UTMP +SYSVINIT -LIBARCHIVE)
mai 13 11:30:30 lfs systemd[1]: Detected virtualization oracle.
mai 13 11:30:30 lfs systemd[1]: Detected architecture x86-64.
mai 13 11:30:30 lfs systemd[1]: Hostname set to <lfs>.
mai 13 11:30:30 lfs kernel: systemd-system- (157) used greatest stack depth: 13072 bytes left
mai 13 11:30:30 lfs kernel: systemd-rc-loca (154) used greatest stack depth: 12928 bytes left
mai 13 11:30:30 lfs kernel: systemd-getty-g (151) used greatest stack depth: 12640 bytes left
mai 13 11:30:30 lfs systemd[1]: Queued start job for default target Graphical Interface.
mai 13 11:30:30 lfs systemd[1]: Created slice Slice /system/getty.
mai 13 11:30:30 lfs systemd[1]: Created slice Slice /system/modprobe.
mai 13 11:30:30 lfs systemd[1]: Created slice Slice /system/systemd-fsck.
mai 13 11:30:30 lfs systemd[1]: Created slice User and Session Slice.
mai 13 11:30:30 lfs systemd[1]: Started Dispatch Password Requests to Console Directory Watch.
mai 13 11:30:30 lfs systemd[1]: Started Forward Password Requests to Wall Directory Watch.
mai 13 11:30:30 lfs systemd[1]: Set up automount Arbitrary Executable File Formats File System Automount Point.
mai 13 11:30:30 lfs systemd[1]: Expecting device /dev/sda2...
mai 13 11:30:30 lfs systemd[1]: Expecting device /dev/sda3...
mai 13 11:30:30 lfs systemd[1]: Reached target Path Units.
mai 13 11:30:30 lfs systemd[1]: Reached target Remote File Systems.
mai 13 11:30:30 lfs systemd[1]: Reached target Slice Units.
mai 13 11:30:30 lfs systemd[1]: Listening on Query the User Interactively for a Password.
mai 13 11:30:30 lfs systemd[1]: Listening on Process Core Dump Socket.
mai 13 11:30:30 lfs systemd[1]: Listening on Credential Encryption/Decryption.
mai 13 11:30:30 lfs systemd[1]: Listening on Factory Reset Management.
mai 13 11:30:30 lfs systemd[1]: Journal Audit Socket skipped, unmet condition check ConditionSecurity=audit
mai 13 11:30:30 lfs systemd[1]: Listening on Journal Socket (/dev/log).
mai 13 11:30:30 lfs systemd[1]: Listening on Journal Sockets.
mai 13 11:30:30 lfs systemd[1]: Listening on DDI File System Mounter Socket.
mai 13 11:30:30 lfs systemd[1]: Listening on Console Output Muting Service Socket.
mai 13 11:30:30 lfs systemd[1]: Listening on Network Management Resolve Hook Socket.
mai 13 11:30:30 lfs systemd[1]: Listening on Network Management Varlink Socket.
mai 13 11:30:30 lfs systemd[1]: Listening on Network Management Netlink Socket.
mai 13 11:30:30 lfs systemd[1]: Listening on Namespace Resource Manager Socket.
mai 13 11:30:30 lfs systemd[1]: Listening on Disk Repartitioning Service Socket.
mai 13 11:30:30 lfs systemd[1]: Listening on Resolve Monitor Varlink Socket.
mai 13 11:30:30 lfs systemd[1]: Listening on Resolve Service Varlink Socket.
mai 13 11:30:30 lfs systemd[1]: Listening on udev Control Socket.
mai 13 11:30:30 lfs systemd[1]: Listening on udev Kernel Socket.
mai 13 11:30:30 lfs systemd[1]: Listening on udev Varlink Socket.
mai 13 11:30:30 lfs systemd[1]: Listening on User Database Manager Socket.
mai 13 11:30:30 lfs systemd[1]: Mounting Huge Pages File System...
mai 13 11:30:30 lfs systemd[1]: Mounting POSIX Message Queue File System...
mai 13 11:30:30 lfs systemd[1]: Mounting Kernel Debug File System...
mai 13 11:30:30 lfs systemd[1]: Mounting Kernel Trace File System...
mai 13 11:30:30 lfs systemd[1]: Create List of Static Device Nodes skipped, unmet condition check ConditionFileNotEmpty=/lib/modules/7.1.0-rc3-thor_kernel-g1d5dcaa3bd65-dirty/modules.devname
mai 13 11:30:30 lfs systemd[1]: Starting Load Kernel Module configfs...
mai 13 11:30:30 lfs systemd[1]: Load Kernel Module drm skipped, unmet condition check ConditionKernelModuleLoaded=!drm
mai 13 11:30:30 lfs systemd[1]: Starting Load Kernel Module efi_pstore...
mai 13 11:30:30 lfs systemd[1]: Starting Load Kernel Module fuse...
mai 13 11:30:30 lfs systemd[1]: Starting File System Check on Root Device...
mai 13 11:30:30 lfs systemd[1]: Clear Stale Hibernate Storage Info skipped, unmet condition check ConditionPathExists=/sys/firmware/efi/efivars/HibernateLocation-8cf2644b-4b0b-428f-9387-6d876050dc67
mai 13 11:30:30 lfs systemd[1]: systemd-journald.service: unit configures an IP firewall, but the local system does not support BPF/cgroup firewalling.
mai 13 11:30:30 lfs systemd[1]: systemd-journald.service: (This warning is only shown for the first unit using IP firewalling.)
mai 13 11:30:30 lfs systemd[1]: Starting Journal Service...
mai 13 11:30:30 lfs systemd[1]: Load Kernel Modules skipped, no trigger condition checks were met.
mai 13 11:30:30 lfs systemd[1]: Starting Generate Network Units from Kernel Command Line...
mai 13 11:30:30 lfs systemd[1]: Starting Apply Kernel Variables...
mai 13 11:30:30 lfs systemd[1]: Starting Create Static Device Nodes in /dev gracefully...
mai 13 11:30:30 lfs systemd[1]: Starting Load udev Rules from Credentials...
mai 13 11:30:30 lfs systemd[1]: Starting Coldplug All udev Devices...
mai 13 11:30:30 lfs systemd[1]: modprobe@configfs.service: Deactivated successfully.
mai 13 11:30:30 lfs systemd[1]: Finished Load Kernel Module configfs.
mai 13 11:30:30 lfs systemd[1]: modprobe@efi_pstore.service: Deactivated successfully.
mai 13 11:30:30 lfs systemd[1]: Finished Load Kernel Module efi_pstore.
mai 13 11:30:30 lfs systemd[1]: modprobe@fuse.service: Deactivated successfully.
mai 13 11:30:30 lfs systemd[1]: Finished Load Kernel Module fuse.
mai 13 11:30:30 lfs systemd[1]: FUSE Control File System skipped, unmet condition check ConditionPathExists=/sys/fs/fuse/connections
mai 13 11:30:30 lfs systemd[1]: Kernel Configuration File System skipped, unmet condition check ConditionPathExists=/sys/kernel/config
mai 13 11:30:30 lfs systemd[1]: Mounted Huge Pages File System.
mai 13 11:30:30 lfs systemd[1]: Mounted POSIX Message Queue File System.
mai 13 11:30:30 lfs systemd[1]: Mounted Kernel Debug File System.
mai 13 11:30:30 lfs systemd[1]: Mounted Kernel Trace File System.
mai 13 11:30:30 lfs systemd[1]: Finished Load udev Rules from Credentials.
mai 13 11:30:30 lfs systemd[1]: Finished Generate Network Units from Kernel Command Line.
mai 13 11:30:30 lfs systemd[1]: Reached target Preparation for Network.
mai 13 11:30:30 lfs systemd-journald[170]: Collecting audit messages is disabled.
mai 13 11:30:30 lfs systemd-journald[170]: Journal started
mai 13 11:30:30 lfs systemd-journald[170]: Runtime Journal (/run/log/journal/3be88b9848e3443b878eac2b5a7ef072) is 8M, max 208.3M, 200.3M free.
mai 13 11:30:30 lfs systemd[1]: Started Journal Service.
mai 13 11:30:30 lfs systemd[1]: Finished Apply Kernel Variables.
mai 13 11:30:30 lfs systemd[1]: Starting Network Name Resolution...
mai 13 11:30:30 lfs systemd[1]: Finished Coldplug All udev Devices.
mai 13 11:30:30 lfs systemd[1]: Starting Load Kernel Module tun...
mai 13 11:30:30 lfs systemd[1]: Starting User Database Manager...
mai 13 11:30:30 lfs systemd[1]: modprobe@tun.service: Deactivated successfully.
mai 13 11:30:30 lfs systemd[1]: Finished Load Kernel Module tun.
mai 13 11:30:30 lfs systemd[1]: Starting Namespace Resource Manager...
mai 13 11:30:30 lfs systemd-nsresourced[201]: Not setting up BPF subsystem, as functionality has been disabled at compile time.
mai 13 11:30:30 lfs systemd[1]: Started Namespace Resource Manager.
mai 13 11:30:30 lfs systemd[1]: Started User Database Manager.
mai 13 11:30:30 lfs systemd[1]: Finished Create Static Device Nodes in /dev gracefully.
mai 13 11:30:30 lfs systemd[1]: Starting Create Static Device Nodes in /dev...
mai 13 11:30:30 lfs systemd-fsck[178]: /dev/sda4 : propre, 178770/873120 fichiers, 2544112/3490304 blocs
mai 13 11:30:30 lfs (systemd-resolved)[191]: systemd-resolved.service: Failed to execute /usr/lib/systemd/systemd-resolved: Permission denied
mai 13 11:30:30 lfs (systemd-resolved)[191]: systemd-resolved.service: Failed at step EXEC spawning /usr/lib/systemd/systemd-resolved: Permission denied
mai 13 11:30:30 lfs systemd[1]: Finished File System Check on Root Device.
mai 13 11:30:30 lfs systemd[1]: Finished Create Static Device Nodes in /dev.
mai 13 11:30:30 lfs systemd[1]: systemd-resolved.service: Main process exited, code=exited, status=203/EXEC
mai 13 11:30:30 lfs systemd[1]: systemd-resolved.service: Failed with result 'exit-code'.
mai 13 11:30:30 lfs systemd[1]: Failed to start Network Name Resolution.
mai 13 11:30:30 lfs systemd[1]: systemd-resolved.service: Scheduled restart job, restart counter is at 1.
mai 13 11:30:30 lfs systemd[1]: Starting Remount Root and Kernel File Systems...
mai 13 11:30:30 lfs systemd[1]: Repartition Root Disk skipped, no trigger condition checks were met.
mai 13 11:30:30 lfs systemd[1]: Starting Network Name Resolution...
mai 13 11:30:30 lfs systemd[1]: Finished Remount Root and Kernel File Systems.
mai 13 11:30:30 lfs kernel: EXT4-fs (sda4): re-mounted 628b330a-cc8e-4176-aa81-c02217dbb974 r/w.
mai 13 11:30:30 lfs systemd[1]: Reached target Preparation for Local File Systems.
mai 13 11:30:30 lfs systemd[1]: Rebuild Hardware Database skipped, unmet condition check ConditionNeedsUpdate=/etc
mai 13 11:30:30 lfs (systemd-resolved)[219]: systemd-resolved.service: Failed to execute /usr/lib/systemd/systemd-resolved: Permission denied
mai 13 11:30:30 lfs (systemd-resolved)[219]: systemd-resolved.service: Failed at step EXEC spawning /usr/lib/systemd/systemd-resolved: Permission denied
mai 13 11:30:30 lfs systemd[1]: Starting Flush Journal to Persistent Storage...
mai 13 11:30:30 lfs systemd[1]: Platform Persistent Storage Archival skipped, unmet condition check ConditionDirectoryNotEmpty=/sys/fs/pstore
mai 13 11:30:30 lfs systemd[1]: Starting Load/Save OS Random Seed...
mai 13 11:30:30 lfs systemd[1]: Starting Network Time Synchronization...
mai 13 11:30:30 lfs systemd[1]: Starting Rule-based Manager for Device Events and Files...
mai 13 11:30:30 lfs systemd[1]: systemd-resolved.service: Main process exited, code=exited, status=203/EXEC
mai 13 11:30:30 lfs systemd[1]: systemd-resolved.service: Failed with result 'exit-code'.
mai 13 11:30:30 lfs systemd[1]: Failed to start Network Name Resolution.
mai 13 11:30:30 lfs systemd[1]: systemd-resolved.service: Scheduled restart job, restart counter is at 2.
mai 13 11:30:30 lfs systemd[1]: Starting Network Name Resolution...
mai 13 11:30:30 lfs systemd-journald[170]: Time spent on flushing to /var/log/journal/3be88b9848e3443b878eac2b5a7ef072 is 77.552ms for 568 entries.
mai 13 11:30:30 lfs systemd-journald[170]: System Journal (/var/log/journal/3be88b9848e3443b878eac2b5a7ef072) is 104M, max 1.2G, 1.1G free.
mai 13 11:30:30 lfs systemd-journald[170]: Received client request to flush runtime journal.
mai 13 11:30:30 lfs (systemd-resolved)[230]: systemd-resolved.service: Failed to execute /usr/lib/systemd/systemd-resolved: Permission denied
mai 13 11:30:30 lfs (systemd-resolved)[230]: systemd-resolved.service: Failed at step EXEC spawning /usr/lib/systemd/systemd-resolved: Permission denied
mai 13 11:30:30 lfs systemd[1]: systemd-resolved.service: Main process exited, code=exited, status=203/EXEC
mai 13 11:30:30 lfs systemd[1]: systemd-resolved.service: Failed with result 'exit-code'.
mai 13 11:30:30 lfs systemd[1]: Failed to start Network Name Resolution.
mai 13 11:30:30 lfs systemd[1]: systemd-resolved.service: Scheduled restart job, restart counter is at 3.
mai 13 11:30:30 lfs systemd[1]: Starting Network Name Resolution...
mai 13 11:30:30 lfs (systemd-resolved)[231]: systemd-resolved.service: Failed to execute /usr/lib/systemd/systemd-resolved: Permission denied
mai 13 11:30:30 lfs (systemd-resolved)[231]: systemd-resolved.service: Failed at step EXEC spawning /usr/lib/systemd/systemd-resolved: Permission denied
mai 13 11:30:30 lfs systemd[1]: systemd-resolved.service: Main process exited, code=exited, status=203/EXEC
mai 13 11:30:30 lfs systemd[1]: systemd-resolved.service: Failed with result 'exit-code'.
mai 13 11:30:30 lfs systemd[1]: Failed to start Network Name Resolution.
mai 13 11:30:30 lfs systemd[1]: systemd-resolved.service: Scheduled restart job, restart counter is at 4.
mai 13 11:30:30 lfs systemd[1]: Starting Network Name Resolution...
mai 13 11:30:30 lfs (systemd-resolved)[233]: systemd-resolved.service: Failed to execute /usr/lib/systemd/systemd-resolved: Permission denied
mai 13 11:30:30 lfs (systemd-resolved)[233]: systemd-resolved.service: Failed at step EXEC spawning /usr/lib/systemd/systemd-resolved: Permission denied
mai 13 11:30:30 lfs systemd[1]: systemd-resolved.service: Main process exited, code=exited, status=203/EXEC
mai 13 11:30:30 lfs systemd[1]: systemd-resolved.service: Failed with result 'exit-code'.
mai 13 11:30:30 lfs systemd[1]: Failed to start Network Name Resolution.
mai 13 11:30:30 lfs systemd[1]: systemd-resolved.service: Scheduled restart job, restart counter is at 5.
mai 13 11:30:30 lfs systemd[1]: systemd-resolved.service: Start request repeated too quickly.
mai 13 11:30:30 lfs systemd[1]: systemd-resolved.service: Failed with result 'exit-code'.
mai 13 11:30:30 lfs systemd[1]: Failed to start Network Name Resolution.
mai 13 11:30:30 lfs systemd[1]: systemd-resolved-varlink.socket: Failed with result 'service-start-limit-hit'.
mai 13 11:30:30 lfs systemd[1]: systemd-resolved-monitor.socket: Failed with result 'service-start-limit-hit'.
mai 13 11:30:30 lfs systemd[1]: Reached target Host and Network Name Lookups.
mai 13 11:30:30 lfs (systemd-timesyncd)[227]: systemd-timesyncd.service: Failed to execute /usr/lib/systemd/systemd-timesyncd: Permission denied
mai 13 11:30:30 lfs (systemd-timesyncd)[227]: systemd-timesyncd.service: Failed at step EXEC spawning /usr/lib/systemd/systemd-timesyncd: Permission denied
mai 13 11:30:30 lfs systemd[1]: systemd-timesyncd.service: Main process exited, code=exited, status=203/EXEC
mai 13 11:30:30 lfs systemd[1]: systemd-timesyncd.service: Failed with result 'exit-code'.
mai 13 11:30:30 lfs systemd[1]: Failed to start Network Time Synchronization.
mai 13 11:30:30 lfs systemd[1]: systemd-timesyncd.service: Scheduled restart job, restart counter is at 1.
mai 13 11:30:30 lfs systemd[1]: Starting Network Time Synchronization...
mai 13 11:30:30 lfs (systemd-timesyncd)[235]: systemd-timesyncd.service: Failed to execute /usr/lib/systemd/systemd-timesyncd: Permission denied
mai 13 11:30:30 lfs (systemd-timesyncd)[235]: systemd-timesyncd.service: Failed at step EXEC spawning /usr/lib/systemd/systemd-timesyncd: Permission denied
mai 13 11:30:30 lfs systemd[1]: systemd-timesyncd.service: Main process exited, code=exited, status=203/EXEC
mai 13 11:30:30 lfs systemd[1]: systemd-timesyncd.service: Failed with result 'exit-code'.
mai 13 11:30:30 lfs systemd[1]: Failed to start Network Time Synchronization.
mai 13 11:30:30 lfs systemd[1]: systemd-timesyncd.service: Scheduled restart job, restart counter is at 2.
mai 13 11:30:30 lfs systemd[1]: Starting Network Time Synchronization...
mai 13 11:30:30 lfs systemd-udevd[228]: Using default interface naming scheme 'v259'.
mai 13 11:30:30 lfs (systemd-timesyncd)[237]: systemd-timesyncd.service: Failed to execute /usr/lib/systemd/systemd-timesyncd: Permission denied
mai 13 11:30:30 lfs (systemd-timesyncd)[237]: systemd-timesyncd.service: Failed at step EXEC spawning /usr/lib/systemd/systemd-timesyncd: Permission denied
mai 13 11:30:30 lfs systemd[1]: systemd-timesyncd.service: Main process exited, code=exited, status=203/EXEC
mai 13 11:30:30 lfs systemd[1]: systemd-timesyncd.service: Failed with result 'exit-code'.
mai 13 11:30:30 lfs systemd[1]: Failed to start Network Time Synchronization.
mai 13 11:30:30 lfs systemd[1]: systemd-timesyncd.service: Scheduled restart job, restart counter is at 3.
mai 13 11:30:30 lfs systemd[1]: Starting Network Time Synchronization...
mai 13 11:30:30 lfs (systemd-timesyncd)[239]: systemd-timesyncd.service: Failed to execute /usr/lib/systemd/systemd-timesyncd: Permission denied
mai 13 11:30:30 lfs (systemd-timesyncd)[239]: systemd-timesyncd.service: Failed at step EXEC spawning /usr/lib/systemd/systemd-timesyncd: Permission denied
mai 13 11:30:30 lfs systemd[1]: systemd-timesyncd.service: Main process exited, code=exited, status=203/EXEC
mai 13 11:30:30 lfs systemd[1]: systemd-timesyncd.service: Failed with result 'exit-code'.
mai 13 11:30:30 lfs systemd[1]: Failed to start Network Time Synchronization.
mai 13 11:30:30 lfs systemd[1]: systemd-timesyncd.service: Scheduled restart job, restart counter is at 4.
mai 13 11:30:30 lfs systemd[1]: Starting Network Time Synchronization...
mai 13 11:30:30 lfs (systemd-timesyncd)[240]: systemd-timesyncd.service: Failed to execute /usr/lib/systemd/systemd-timesyncd: Permission denied
mai 13 11:30:30 lfs (systemd-timesyncd)[240]: systemd-timesyncd.service: Failed at step EXEC spawning /usr/lib/systemd/systemd-timesyncd: Permission denied
mai 13 11:30:30 lfs systemd[1]: systemd-timesyncd.service: Main process exited, code=exited, status=203/EXEC
mai 13 11:30:30 lfs systemd[1]: systemd-timesyncd.service: Failed with result 'exit-code'.
mai 13 11:30:30 lfs systemd[1]: Failed to start Network Time Synchronization.
mai 13 11:30:30 lfs systemd[1]: systemd-timesyncd.service: Scheduled restart job, restart counter is at 5.
mai 13 11:30:30 lfs systemd[1]: systemd-timesyncd.service: Start request repeated too quickly.
mai 13 11:30:30 lfs systemd[1]: systemd-timesyncd.service: Failed with result 'exit-code'.
mai 13 11:30:30 lfs systemd[1]: Failed to start Network Time Synchronization.
mai 13 11:30:30 lfs systemd[1]: Reached target System Time Set.
mai 13 11:30:30 lfs systemd[1]: Finished Load/Save OS Random Seed.
mai 13 11:30:30 lfs systemd[1]: First Boot Complete skipped, unmet condition check ConditionFirstBoot=yes
mai 13 11:30:30 lfs systemd[1]: Finished Flush Journal to Persistent Storage.
mai 13 11:30:30 lfs systemd[1]: Started Rule-based Manager for Device Events and Files.
mai 13 11:30:30 lfs systemd[1]: Starting Network Management...
mai 13 11:30:30 lfs (systemd-networkd)[257]: systemd-networkd.service: Failed to execute /usr/lib/systemd/systemd-networkd: Permission denied
mai 13 11:30:30 lfs (systemd-networkd)[257]: systemd-networkd.service: Failed at step EXEC spawning /usr/lib/systemd/systemd-networkd: Permission denied
mai 13 11:30:30 lfs systemd[1]: systemd-networkd.service: Main process exited, code=exited, status=203/EXEC
mai 13 11:30:30 lfs systemd[1]: systemd-networkd.service: Failed with result 'exit-code'.
mai 13 11:30:30 lfs systemd[1]: Failed to start Network Management.
mai 13 11:30:30 lfs kernel: e1000 0000:00:03.0 enp0s3: renamed from eth0
mai 13 11:30:30 lfs systemd[1]: Dependency failed for Enable Persistent Storage in systemd-networkd.
mai 13 11:30:30 lfs systemd[1]: systemd-networkd-persistent-storage.service: Job systemd-networkd-persistent-storage.service/start failed with result 'dependency'.
mai 13 11:30:30 lfs systemd[1]: systemd-networkd.service: Scheduled restart job, restart counter is at 1.
mai 13 11:30:30 lfs systemd[1]: Listening on Load/Save RF Kill Switch Status /dev/rfkill Watch.
mai 13 11:30:30 lfs systemd[1]: Starting Network Management...
mai 13 11:30:30 lfs systemd[1]: Starting Virtual Console Setup...
mai 13 11:30:30 lfs systemd[1]: systemd-vconsole-setup.service: Deactivated successfully.
mai 13 11:30:30 lfs systemd[1]: Stopped Virtual Console Setup.
mai 13 11:30:30 lfs systemd[1]: Starting Virtual Console Setup...
mai 13 11:30:30 lfs (systemd-networkd)[308]: systemd-networkd.service: Failed to execute /usr/lib/systemd/systemd-networkd: Permission denied
mai 13 11:30:30 lfs (systemd-networkd)[308]: systemd-networkd.service: Failed at step EXEC spawning /usr/lib/systemd/systemd-networkd: Permission denied
mai 13 11:30:30 lfs systemd[1]: systemd-networkd.service: Main process exited, code=exited, status=203/EXEC
mai 13 11:30:30 lfs systemd[1]: systemd-networkd.service: Failed with result 'exit-code'.
mai 13 11:30:30 lfs systemd[1]: Failed to start Network Management.
mai 13 11:30:30 lfs systemd[1]: Dependency failed for Enable Persistent Storage in systemd-networkd.
mai 13 11:30:30 lfs systemd[1]: systemd-networkd-persistent-storage.service: Job systemd-networkd-persistent-storage.service/start failed with result 'dependency'.
mai 13 11:30:30 lfs systemd[1]: systemd-networkd.service: Scheduled restart job, restart counter is at 2.
mai 13 11:30:30 lfs systemd[1]: Starting Network Management...
mai 13 11:30:31 lfs (systemd-networkd)[313]: systemd-networkd.service: Failed to execute /usr/lib/systemd/systemd-networkd: Permission denied
mai 13 11:30:31 lfs (systemd-networkd)[313]: systemd-networkd.service: Failed at step EXEC spawning /usr/lib/systemd/systemd-networkd: Permission denied
mai 13 11:30:31 lfs systemd[1]: systemd-networkd.service: Main process exited, code=exited, status=203/EXEC
mai 13 11:30:31 lfs systemd[1]: systemd-networkd.service: Failed with result 'exit-code'.
mai 13 11:30:31 lfs systemd[1]: Failed to start Network Management.
mai 13 11:30:31 lfs systemd[1]: Dependency failed for Enable Persistent Storage in systemd-networkd.
mai 13 11:30:31 lfs systemd[1]: systemd-networkd-persistent-storage.service: Job systemd-networkd-persistent-storage.service/start failed with result 'dependency'.
mai 13 11:30:31 lfs systemd[1]: systemd-networkd.service: Scheduled restart job, restart counter is at 3.
mai 13 11:30:31 lfs systemd[1]: Starting Network Management...
mai 13 11:30:31 lfs (systemd-networkd)[316]: systemd-networkd.service: Failed to execute /usr/lib/systemd/systemd-networkd: Permission denied
mai 13 11:30:31 lfs (systemd-networkd)[316]: systemd-networkd.service: Failed at step EXEC spawning /usr/lib/systemd/systemd-networkd: Permission denied
mai 13 11:30:31 lfs systemd[1]: systemd-networkd.service: Main process exited, code=exited, status=203/EXEC
mai 13 11:30:31 lfs systemd[1]: systemd-networkd.service: Failed with result 'exit-code'.
mai 13 11:30:31 lfs systemd[1]: Failed to start Network Management.
mai 13 11:30:31 lfs systemd[1]: Dependency failed for Enable Persistent Storage in systemd-networkd.
mai 13 11:30:31 lfs systemd[1]: systemd-networkd-persistent-storage.service: Job systemd-networkd-persistent-storage.service/start failed with result 'dependency'.
mai 13 11:30:31 lfs systemd[1]: systemd-networkd.service: Scheduled restart job, restart counter is at 4.
mai 13 11:30:31 lfs systemd[1]: Starting Network Management...
mai 13 11:30:31 lfs (systemd-networkd)[319]: systemd-networkd.service: Failed to execute /usr/lib/systemd/systemd-networkd: Permission denied
mai 13 11:30:31 lfs (systemd-networkd)[319]: systemd-networkd.service: Failed at step EXEC spawning /usr/lib/systemd/systemd-networkd: Permission denied
mai 13 11:30:31 lfs systemd[1]: systemd-networkd.service: Main process exited, code=exited, status=203/EXEC
mai 13 11:30:31 lfs systemd[1]: systemd-networkd.service: Failed with result 'exit-code'.
mai 13 11:30:31 lfs systemd[1]: Failed to start Network Management.
mai 13 11:30:31 lfs systemd[1]: Dependency failed for Enable Persistent Storage in systemd-networkd.
mai 13 11:30:31 lfs systemd[1]: systemd-networkd-persistent-storage.service: Job systemd-networkd-persistent-storage.service/start failed with result 'dependency'.
mai 13 11:30:31 lfs systemd[1]: systemd-networkd.service: Scheduled restart job, restart counter is at 5.
mai 13 11:30:31 lfs systemd[1]: systemd-networkd.service: Start request repeated too quickly.
mai 13 11:30:31 lfs systemd[1]: systemd-networkd.service: Failed with result 'exit-code'.
mai 13 11:30:31 lfs systemd[1]: Failed to start Network Management.
mai 13 11:30:31 lfs systemd[1]: Dependency failed for Enable Persistent Storage in systemd-networkd.
mai 13 11:30:31 lfs systemd[1]: systemd-networkd-persistent-storage.service: Job systemd-networkd-persistent-storage.service/start failed with result 'dependency'.
mai 13 11:30:31 lfs systemd[1]: systemd-networkd-resolve-hook.socket: Failed with result 'service-start-limit-hit'.
mai 13 11:30:31 lfs systemd[1]: systemd-networkd.socket: Failed with result 'service-start-limit-hit'.
mai 13 11:30:31 lfs systemd[1]: systemd-networkd-varlink.socket: Failed with result 'service-start-limit-hit'.
mai 13 11:30:31 lfs systemd[1]: Reached target Network.
mai 13 11:30:31 lfs systemd[1]: Finished Virtual Console Setup.
mai 13 11:30:31 lfs systemd[1]: Found device VBOX_HARDDISK Linux\x20swap.
mai 13 11:30:31 lfs systemd[1]: Found device VBOX_HARDDISK Linux\x20filesystem.
mai 13 11:30:31 lfs systemd[1]: Activating swap /dev/sda3...
mai 13 11:30:31 lfs systemd[1]: Starting File System Check on /dev/sda2...
mai 13 11:30:31 lfs systemd[1]: Virtual Machine and Container Storage (Compatibility) skipped, unmet condition check ConditionPathExists=/var/lib/machines.raw
mai 13 11:30:31 lfs systemd[1]: Reached target Virtual Machines and Containers.
mai 13 11:30:31 lfs kernel: Adding 1048572k swap on /dev/sda3.  Priority:-1 extents:1 across:1048572k 
mai 13 11:30:31 lfs systemd-fsck[332]: /dev/sda2 : propre, 378/128016 fichiers, 207452/512000 blocs
mai 13 11:30:31 lfs systemd[1]: Activated swap /dev/sda3.
mai 13 11:30:31 lfs systemd[1]: Reached target Swaps.
mai 13 11:30:31 lfs systemd[1]: tmp.mount: x-systemd.graceful-option=usrquota specified, but option is not available, suppressing.
mai 13 11:30:31 lfs systemd[1]: Mounting Temporary Directory /tmp...
mai 13 11:30:31 lfs systemd[1]: Finished File System Check on /dev/sda2.
mai 13 11:30:31 lfs systemd[1]: Mounted Temporary Directory /tmp.
mai 13 11:30:31 lfs systemd[1]: boot.mount: Directory /boot to mount over is not empty, mounting anyway.
mai 13 11:30:31 lfs systemd[1]: Mounting /boot...
mai 13 11:30:31 lfs kernel: EXT4-fs (sda2): mounted filesystem f871af5c-b4c1-4274-95d5-10ac8d76ce93 r/w with ordered data mode. Quota mode: none.
mai 13 11:30:31 lfs systemd[1]: Mounted /boot.
mai 13 11:30:31 lfs systemd[1]: Reached target Local File Systems.
mai 13 11:30:31 lfs systemd[1]: Listening on System Extension Image Management.
mai 13 11:30:31 lfs systemd[1]: Set Up Additional Binary Formats skipped, no trigger condition checks were met.
mai 13 11:30:31 lfs systemd[1]: Merge System Configuration Images into /etc/ skipped, no trigger condition checks were met.
mai 13 11:30:31 lfs systemd[1]: Save Transient machine-id to Disk skipped, unmet condition check ConditionPathIsMountPoint=/etc/machine-id
mai 13 11:30:31 lfs systemd[1]: Merge System Extension Images into /usr/ and /opt/ skipped, no trigger condition checks were met.
mai 13 11:30:31 lfs systemd[1]: Starting Create System Files and Directories...
mai 13 11:30:31 lfs systemd[1]: Starting Load JSON user/group Records from Credentials...
mai 13 11:30:32 lfs systemd[1]: Finished Load JSON user/group Records from Credentials.
mai 13 11:30:32 lfs systemd[1]: Finished Create System Files and Directories.
mai 13 11:30:32 lfs systemd[1]: Rebuild Journal Catalog skipped, unmet condition check ConditionNeedsUpdate=/var
mai 13 11:30:32 lfs systemd[1]: Update is Completed skipped, no trigger condition checks were met.
mai 13 11:30:32 lfs systemd[1]: Starting Record System Boot/Shutdown in UTMP...
mai 13 11:30:32 lfs systemd[1]: Finished Record System Boot/Shutdown in UTMP.
mai 13 11:30:32 lfs systemd[1]: Reached target System Initialization.
mai 13 11:30:32 lfs systemd[1]: Started Daily Cleanup of Temporary Directories.
mai 13 11:30:32 lfs systemd[1]: Reached target Timer Units.
mai 13 11:30:32 lfs systemd[1]: Listening on D-Bus System Message Bus Socket.
mai 13 11:30:32 lfs systemd[1]: Listening on OpenSSH Server Socket (systemd-ssh-generator, AF_UNIX Local).
mai 13 11:30:32 lfs systemd[1]: Listening on Hostname Service Socket.
mai 13 11:30:32 lfs systemd[1]: Listening on User Login Management Varlink Socket.
mai 13 11:30:32 lfs systemd[1]: Listening on Virtual Machine and Container Registration Service Socket.
mai 13 11:30:32 lfs systemd[1]: Reached target Socket Units.
mai 13 11:30:32 lfs systemd[1]: Reached target Basic System.
mai 13 11:30:32 lfs systemd[1]: System is tainted: unmerged-bin
mai 13 11:30:32 lfs systemd[1]: Starting D-Bus System Message Bus...
mai 13 11:30:32 lfs systemd[1]: Started Getty on tty1.
mai 13 11:30:32 lfs systemd[1]: Reached target Login Prompts.
mai 13 11:30:32 lfs systemd[1]: Starting Network configuration...
mai 13 11:30:32 lfs systemd[1]: Started OpenSSH Daemon.
mai 13 11:30:32 lfs systemd[1]: Starting User Login Management...
mai 13 11:30:32 lfs (dbus-daemon)[348]: dbus.service: Failed to execute /usr/bin/dbus-daemon: Permission denied
mai 13 11:30:32 lfs (dbus-daemon)[348]: dbus.service: Failed at step EXEC spawning /usr/bin/dbus-daemon: Permission denied
mai 13 11:30:32 lfs systemd[1]: dbus.service: Main process exited, code=exited, status=203/EXEC
mai 13 11:30:32 lfs systemd[1]: dbus.service: Failed with result 'exit-code'.
mai 13 11:30:32 lfs systemd[1]: Failed to start D-Bus System Message Bus.
mai 13 11:30:32 lfs systemd-logind[352]: New seat seat0.
mai 13 11:30:32 lfs systemd[1]: Starting D-Bus System Message Bus...
mai 13 11:30:32 lfs kernel: e1000: enp0s3 NIC Link is Up 1000 Mbps Full Duplex, Flow Control: RX
mai 13 11:30:32 lfs systemd-logind[352]: Watching system buttons on /dev/input/event0 (Power Button)
mai 13 11:30:32 lfs systemd-logind[352]: Watching system buttons on /dev/input/event1 (Sleep Button)
mai 13 11:30:32 lfs systemd-logind[352]: Watching system buttons on /dev/input/event3 (AT Translated Set 2 keyboard)
mai 13 11:30:32 lfs systemd[1]: Started User Login Management.
mai 13 11:30:32 lfs (dbus-daemon)[355]: dbus.service: Failed to execute /usr/bin/dbus-daemon: Permission denied
mai 13 11:30:32 lfs (dbus-daemon)[355]: dbus.service: Failed at step EXEC spawning /usr/bin/dbus-daemon: Permission denied
mai 13 11:30:32 lfs systemd[1]: dbus.service: Main process exited, code=exited, status=203/EXEC
mai 13 11:30:32 lfs systemd[1]: dbus.service: Failed with result 'exit-code'.
mai 13 11:30:32 lfs systemd[1]: Failed to start D-Bus System Message Bus.
mai 13 11:30:32 lfs sshd[351]: Server listening on 0.0.0.0 port 22.
mai 13 11:30:32 lfs systemd[1]: Starting D-Bus System Message Bus...
mai 13 11:30:32 lfs sshd[351]: Server listening on :: port 22.
mai 13 11:30:32 lfs (dbus-daemon)[365]: dbus.service: Failed to execute /usr/bin/dbus-daemon: Permission denied
mai 13 11:30:32 lfs (dbus-daemon)[365]: dbus.service: Failed at step EXEC spawning /usr/bin/dbus-daemon: Permission denied
mai 13 11:30:32 lfs systemd[1]: dbus.service: Main process exited, code=exited, status=203/EXEC
mai 13 11:30:32 lfs systemd[1]: dbus.service: Failed with result 'exit-code'.
mai 13 11:30:32 lfs systemd[1]: Failed to start D-Bus System Message Bus.
mai 13 11:30:32 lfs systemd[1]: Starting D-Bus System Message Bus...
mai 13 11:30:32 lfs (dbus-daemon)[367]: dbus.service: Failed to execute /usr/bin/dbus-daemon: Permission denied
mai 13 11:30:32 lfs (dbus-daemon)[367]: dbus.service: Failed at step EXEC spawning /usr/bin/dbus-daemon: Permission denied
mai 13 11:30:32 lfs systemd[1]: dbus.service: Main process exited, code=exited, status=203/EXEC
mai 13 11:30:32 lfs systemd[1]: dbus.service: Failed with result 'exit-code'.
mai 13 11:30:32 lfs systemd[1]: Failed to start D-Bus System Message Bus.
mai 13 11:30:32 lfs systemd[1]: Starting D-Bus System Message Bus...
mai 13 11:30:32 lfs (dbus-daemon)[369]: dbus.service: Failed to execute /usr/bin/dbus-daemon: Permission denied
mai 13 11:30:32 lfs (dbus-daemon)[369]: dbus.service: Failed at step EXEC spawning /usr/bin/dbus-daemon: Permission denied
mai 13 11:30:32 lfs systemd[1]: dbus.service: Main process exited, code=exited, status=203/EXEC
mai 13 11:30:32 lfs systemd[1]: dbus.service: Failed with result 'exit-code'.
mai 13 11:30:32 lfs systemd[1]: Failed to start D-Bus System Message Bus.
mai 13 11:30:32 lfs systemd[1]: dbus.service: Start request repeated too quickly.
mai 13 11:30:32 lfs systemd[1]: dbus.service: Failed with result 'exit-code'.
mai 13 11:30:32 lfs systemd[1]: Failed to start D-Bus System Message Bus.
mai 13 11:30:32 lfs systemd[1]: dbus.socket: Failed with result 'service-start-limit-hit'.
mai 13 11:30:32 lfs systemd[1]: Finished Network configuration.
mai 13 11:30:32 lfs systemd[1]: Reached target Multi-User System.
mai 13 11:30:32 lfs systemd[1]: Reached target Graphical Interface.
mai 13 11:30:32 lfs systemd[1]: Startup finished in 2.523s (kernel) + 3.110s (userspace) = 5.633s.
mai 13 11:30:35 lfs login[349]: ROOT LOGIN  on '/dev/tty1'
mai 13 11:30:37 lfs kernel: (udev-worker) (273) used greatest stack depth: 12376 bytes left
mai 13 11:30:46 lfs sshd-session[385]: Accepted password for root from 10.0.2.2 port 52756 ssh2
mai 13 11:30:46 lfs kernel: sshd-auth (386) used greatest stack depth: 12152 bytes left
